15:36:51: XMLMeshSerializer reading mesh data from D:\Repos\Games\OTHER GAMES\stuntrally3\data\tracks\W2C\objects_scaffold\mesh_xml\w2c_chunk_0209.mesh.xml...
15:36:51: Reading geometry...
15:36:51: Geometry done...
15:36:51: Reading submeshes...
15:36:51: Submeshes done.
15:36:51: XMLMeshSerializer import successful.
15:36:51: MeshSerializer writing mesh data to stream ...
15:36:51: File header written.
15:36:51: Writing mesh data...
15:36:51: Writing submesh...
15:36:51: Submesh exported.
15:36:51: Exporting LOD level thresholds....
15:36:51: LOD level thresholds exported.
15:36:51: Exporting bounds information....
15:36:51: Bounds information exported.
15:36:51: Exporting submesh name table...
15:36:51: Submesh name table exported.
15:36:51: Exporting hash for caches...
15:36:51: Exporting hash for caches exported.
15:36:51: Mesh data exported.
15:36:51: MeshSerializer export successful.
